00:00 +0: loading A:/fluter/audio_studio/test/verify_stage_6.dart
flutter : lib/core/utils/t
ext_summarizer.dart:5:22: 
Error: Can't find '}' to 
match '{'.
At line:1 char:43
+ ... t -Head 50; flutter 
test 
test/verify_stage_6.dart 
--no-pub > test_out ...
+                 ~~~~~~~~
~~~~~~~~~~~~~~~~~~~~~~~~~~
~~~~~~~~~~~~~~~~~~~~~~~
    + CategoryInfo        
      : NotSpecified: (l  
  ib/core/utils/...' to   
  match '{'.:String) [    
], RemoteException
    + FullyQualifiedError 
   Id : NativeCommandErr  
  or
 
class TextSummarizer {
                     ^
lib/services/ai_service_lo
cal.dart:131:14: Error: 
Type 'PersonaModel' not 
found.
    required PersonaModel 
persona,
             ^^^^^^^^^^^^
lib/services/ai_service_lo
cal.dart:131:14: Error: 
'PersonaModel' isn't a 
type.
    required PersonaModel 
persona,
             ^^^^^^^^^^^^
lib/services/ai_service_lo
cal.dart:154:12: Error: 
Not a constant expression.
      case 
PersonaTone.philosophical:
           ^^^^^^^^^^^
lib/services/ai_service_lo
cal.dart:157:12: Error: 
Not a constant expression.
      case 
PersonaTone.analytical:
           ^^^^^^^^^^^
lib/services/ai_service_lo
cal.dart:160:12: Error: 
Not a constant expression.
      case 
PersonaTone.motivational:
           ^^^^^^^^^^^
lib/services/ai_service_lo
cal.dart:163:12: Error: 
Not a constant expression.
      case 
PersonaTone.skeptical:
           ^^^^^^^^^^^
lib/services/ai_service_lo
cal.dart:166:12: Error: 
Not a constant expression.
      case 
PersonaTone.calm:
           ^^^^^^^^^^^
lib/services/ai_service_lo
cal.dart:176:12: Error: 
Not a constant expression.
      case 
SpeakingStyle.short:
           ^^^^^^^^^^^^^
lib/services/ai_service_lo
cal.dart:179:12: Error: 
Not a constant expression.
      case 
SpeakingStyle.elaborate:
           ^^^^^^^^^^^^^
lib/services/ai_service_lo
cal.dart:182:12: Error: 
Not a constant expression.
      case 
SpeakingStyle.balanced:
           ^^^^^^^^^^^^^
lib/services/local_stt_ser
vice.dart:20:51: Error: 
The getter 'errorId' 
isn't defined for the 
type 
'SpeechRecognitionError'.
 - 
'SpeechRecognitionError' 
is from 'package:speech_to
_text/speech_recognition_e
rror.dart' ('/C:/Users/ash
il/AppData/Local/Pub/Cache
/hosted/pub.dev/speech_to_
text-6.6.2/lib/speech_reco
gnition_error.dart').
Try correcting the name 
to the name of an 
existing getter, or 
defining a getter or 
field named 'errorId'.
          
AppLogger.error("STT 
Local Error: 
${val.errorId}");
                          
                        
^^^^^^^
lib/services/local_stt_ser
vice.dart:21:44: Error: 
The getter 'errorId' 
isn't defined for the 
type 
'SpeechRecognitionError'.
 - 
'SpeechRecognitionError' 
is from 'package:speech_to
_text/speech_recognition_e
rror.dart' ('/C:/Users/ash
il/AppData/Local/Pub/Cache
/hosted/pub.dev/speech_to_
text-6.6.2/lib/speech_reco
gnition_error.dart').
Try correcting the name 
to the name of an 
existing getter, or 
defining a getter or 
field named 'errorId'.
          if (onError != 
null) 
onError(val.errorId);
                          
                 ^^^^^^^
lib/core/utils/text_summar
izer.dart:125:3: Error: 
Can't have modifier 
'static' here.
Try removing 'static'.
  static Future<String> 
summarizeAsync(String 
text) async {
  ^^^^^^
lib/core/utils/text_summar
izer.dart:126:18: Error: 
Method not found: 
'compute'.
    return await 
compute((t) => 
summarize(t), text);
                 ^^^^^^^
lib/core/utils/text_summar
izer.dart:9:41: Error: 
Constant evaluation error:
  static const 
Set<String> _stopWords = {
                          
              ^
lib/core/utils/text_summar
izer.dart:21:22: Context: 
The element '"shouldn"' 
conflicts with another 
existing element in the 
set.
    'needn', 'shan', 
'shouldn', 'wasn', 
'weren', 'won', 'wouldn'
                     ^
lib/core/utils/text_summar
izer.dart:9:28: Context: 
While analyzing:
  static const 
Set<String> _stopWords = {
                          
 ^
00:00 +0 -1: loading A:/fluter/audio_studio/test/verify_stage_6.dart [E]
  Failed to load "A:/fluter/audio_studio/test/verify_stage_6.dart":
  Compilation failed for testPath=A:/fluter/audio_studio/test/verify_stage_6.dart: lib/core/utils/text_summarizer.dart:5:22: Error: Can't find '}' to match '{'.
  class TextSummarizer {
                       ^
  lib/services/ai_service_local.dart:131:14: Error: Type 'PersonaModel' not found.
      required PersonaModel persona,
               ^^^^^^^^^^^^
  lib/services/ai_service_local.dart:131:14: Error: 'PersonaModel' isn't a type.
      required PersonaModel persona,
               ^^^^^^^^^^^^
  lib/services/ai_service_local.dart:154:12: Error: Not a constant expression.
        case PersonaTone.philosophical:
             ^^^^^^^^^^^
  lib/services/ai_service_local.dart:157:12: Error: Not a constant expression.
        case PersonaTone.analytical:
             ^^^^^^^^^^^
  lib/services/ai_service_local.dart:160:12: Error: Not a constant expression.
        case PersonaTone.motivational:
             ^^^^^^^^^^^
  lib/services/ai_service_local.dart:163:12: Error: Not a constant expression.
        case PersonaTone.skeptical:
             ^^^^^^^^^^^
  lib/services/ai_service_local.dart:166:12: Error: Not a constant expression.
        case PersonaTone.calm:
             ^^^^^^^^^^^
  lib/services/ai_service_local.dart:176:12: Error: Not a constant expression.
        case SpeakingStyle.short:
             ^^^^^^^^^^^^^
  lib/services/ai_service_local.dart:179:12: Error: Not a constant expression.
        case SpeakingStyle.elaborate:
             ^^^^^^^^^^^^^
  lib/services/ai_service_local.dart:182:12: Error: Not a constant expression.
        case SpeakingStyle.balanced:
             ^^^^^^^^^^^^^
  lib/services/local_stt_service.dart:20:51: Error: The getter 'errorId' isn't defined for the type 'SpeechRecognitionError'.
   - 'SpeechRecognitionError' is from 'package:speech_to_text/speech_recognition_error.dart' ('/C:/Users/ashil/AppData/Local/Pub/Cache/hosted/pub.dev/speech_to_text-6.6.2/lib/speech_recognition_error.dart').
  Try correcting the name to the name of an existing getter, or defining a getter or field named 'errorId'.
            AppLogger.error("STT Local Error: ${val.errorId}");
                                                    ^^^^^^^
  lib/services/local_stt_service.dart:21:44: Error: The getter 'errorId' isn't defined for the type 'SpeechRecognitionError'.
   - 'SpeechRecognitionError' is from 'package:speech_to_text/speech_recognition_error.dart' ('/C:/Users/ashil/AppData/Local/Pub/Cache/hosted/pub.dev/speech_to_text-6.6.2/lib/speech_recognition_error.dart').
  Try correcting the name to the name of an existing getter, or defining a getter or field named 'errorId'.
            if (onError != null) onError(val.errorId);
                                             ^^^^^^^
  lib/core/utils/text_summarizer.dart:125:3: Error: Can't have modifier 'static' here.
  Try removing 'static'.
    static Future<String> summarizeAsync(String text) async {
    ^^^^^^
  lib/core/utils/text_summarizer.dart:126:18: Error: Method not found: 'compute'.
      return await compute((t) => summarize(t), text);
                   ^^^^^^^
  lib/core/utils/text_summarizer.dart:9:41: Error: Constant evaluation error:
    static const Set<String> _stopWords = {
                                          ^
  lib/core/utils/text_summarizer.dart:21:22: Context: The element '"shouldn"' conflicts with another existing element in the set.
      'needn', 'shan', 'shouldn', 'wasn', 'weren', 'won', 'wouldn'
                       ^
  lib/core/utils/text_summarizer.dart:9:28: Context: While analyzing:
    static const Set<String> _stopWords = {
                             ^
  .
00:00 +0 -1: Some tests failed.
